C:\Energy\Python\ers_web_pipeline.py:607: DtypeWarning: Columns (0: D_year) have mixed types. Specify dtype option on import or set low_memory=False.
  pairs  = pd.read_csv(pairs_csv_path, dtype={'HOUSEID': str})
C:\Energy\Python\ers_web_pipeline.py:607: DtypeWarning: Columns (0: D_year) have mixed types. Specify dtype option on import or set low_memory=False.
  pairs  = pd.read_csv(pairs_csv_path, dtype={'HOUSEID': str})

--- Province: AB ---
=== STEP 1: splitting CSVs -> D/E parquet  [province=AB] ===
  2004-2006 [AB]: 14 D rows, 0 E rows
  2007 [AB]: 3,839 D rows, 396 E rows
  2008 [AB]: 5,097 D rows, 1,729 E rows
  2009 [AB]: 17,171 D rows, 6,480 E rows
  2010 [AB]: 7,188 D rows, 11,139 E rows
  2011 [AB]: 9,036 D rows, 6,554 E rows
  2012 [AB]: 5,076 D rows, 10,400 E rows
  2013 [AB]: 8 D rows, 1 E rows
  2014 [AB]: 7 D rows, 0 E rows
  2015 [AB]: 3 D rows, 0 E rows
  2016 [AB]: 25 D rows, 1 E rows
  2017 [AB]: 420 D rows, 4 E rows
  2018 [AB]: 494 D rows, 5 E rows
  2019 [AB]: 5,134 D rows, 387 E rows
  2020 [AB]: 117 D rows, 62 E rows
  2021 [AB]: 3,621 D rows, 249 E rows
  2022 [AB]: 15,836 D rows, 6,516 E rows
  2023 [AB]: 23,121 D rows, 14,008 E rows
  2024 [AB]: 20,149 D rows, 21,274 E rows
  2025 [AB]: 15,423 D rows, 11,767 E rows
  2026 [AB]: 1,419 D rows, 2,459 E rows
=== STEP 2: building pairing index ===
  D records: 133,198  E records: 93,431
  HOUSEIDs with exactly 1 D + 1 E: 84,816
  after date-order filter: 83,387 (dropped 1,429)
  wrote C:\ERS\_tmp_web\pairs_AB.csv
=== STEP 3: join + filter + flags + derived cols ===
  83,387 pairs across 57 year combinations
  D=2004-2006 -> E=2008: 1 pairs written
  D=2007 -> E=2007: 292 pairs written
  D=2007 -> E=2008: 845 pairs written
  D=2007 -> E=2009: 934 pairs written
  D=2007 -> E=2010: 89 pairs written
  D=2007 -> E=2011: 54 pairs written
  D=2008 -> E=2008: 608 pairs written
  D=2008 -> E=2009: 1,687 pairs written
  D=2008 -> E=2010: 825 pairs written
  D=2008 -> E=2011: 109 pairs written
  D=2008 -> E=2012: 1 pairs written
  D=2009 -> E=2009: 3,248 pairs written
  D=2009 -> E=2010: 6,656 pairs written
  D=2009 -> E=2011: 2,226 pairs written
  D=2009 -> E=2012: 2 pairs written
  D=2010 -> E=2010: 2,669 pairs written
  D=2010 -> E=2011: 1,926 pairs written
  D=2010 -> E=2012: 4 pairs written
  D=2011 -> E=2011: 1,580 pairs written
  D=2011 -> E=2012: 5,483 pairs written
  D=2012 -> E=2012: 3,270 pairs written
  D=2012 -> E=2013: 1 pairs written
  D=2016 -> E=2016: 1 pairs written
  D=2016 -> E=2017: 2 pairs written
  D=2016 -> E=2018: 0 pairs written
  D=2017 -> E=2017: 2 pairs written
  D=2017 -> E=2018: 2 pairs written
  D=2017 -> E=2019: 1 pairs written
  D=2018 -> E=2018: 0 pairs written
  D=2018 -> E=2019: 28 pairs written
  D=2018 -> E=2020: 6 pairs written
  D=2019 -> E=2019: 287 pairs written
  D=2019 -> E=2020: 45 pairs written
  D=2019 -> E=2021: 1 pairs written
  D=2019 -> E=2022: 4 pairs written
  D=2019 -> E=2023: 0 pairs written
  D=2020 -> E=2021: 3 pairs written
  D=2020 -> E=2022: 4 pairs written
  D=2020 -> E=2023: 3 pairs written
  D=2021 -> E=2021: 203 pairs written
  D=2021 -> E=2022: 1,419 pairs written
  D=2021 -> E=2023: 320 pairs written
  D=2021 -> E=2024: 140 pairs written
  D=2021 -> E=2025: 49 pairs written
  D=2022 -> E=2022: 4,338 pairs written
  D=2022 -> E=2023: 5,222 pairs written
  D=2022 -> E=2024: 1,153 pairs written
  D=2022 -> E=2025: 443 pairs written
  D=2023 -> E=2023: 7,263 pairs written
  D=2023 -> E=2024: 9,836 pairs written
  D=2023 -> E=2025: 959 pairs written
  D=2024 -> E=2023: 5 pairs written
  D=2024 -> E=2024: 9,063 pairs written
  D=2024 -> E=2025: 4,819 pairs written
  D=2025 -> E=2024: 1 pairs written
  D=2025 -> E=2025: 4,870 pairs written
  D=2026 -> E=2026: 96 pairs written
  83,098 rows written to C:\ERS\web\ers_web_AB.parquet

--- Province: BC ---
=== STEP 1: splitting CSVs -> D/E parquet  [province=BC] ===
  2004-2006 [BC]: 3 D rows, 0 E rows
  2007 [BC]: 3,075 D rows, 217 E rows
  2008 [BC]: 17,752 D rows, 4,509 E rows
  2009 [BC]: 34,873 D rows, 18,762 E rows
  2010 [BC]: 14,080 D rows, 21,179 E rows
  2011 [BC]: 22,172 D rows, 16,659 E rows
  2012 [BC]: 20,113 D rows, 22,290 E rows
  2013 [BC]: 7,506 D rows, 10,054 E rows
  2014 [BC]: 1,496 D rows, 1,315 E rows
  2015 [BC]: 1,678 D rows, 454 E rows
  2016 [BC]: 2,287 D rows, 1,513 E rows
  2017 [BC]: 1,502 D rows, 358 E rows
  2018 [BC]: 1,264 D rows, 365 E rows
  2019 [BC]: 1,182 D rows, 189 E rows
  2020 [BC]: 917 D rows, 172 E rows
  2021 [BC]: 4,151 D rows, 500 E rows
  2022 [BC]: 15,406 D rows, 7,955 E rows
  2023 [BC]: 20,331 D rows, 16,345 E rows
  2024 [BC]: 12,031 D rows, 12,631 E rows
  2025 [BC]: 6,565 D rows, 5,654 E rows
  2026 [BC]: 719 D rows, 803 E rows
=== STEP 2: building pairing index ===
  D records: 189,103  E records: 141,924
  HOUSEIDs with exactly 1 D + 1 E: 129,567
  after date-order filter: 122,663 (dropped 6,904)
  wrote C:\ERS\_tmp_web\pairs_BC.csv
=== STEP 3: join + filter + flags + derived cols ===
  122,663 pairs across 90 year combinations
  D=2004-2006 -> E=2008: 3 pairs written
  D=2007 -> E=2007: 114 pairs written
  D=2007 -> E=2008: 822 pairs written
  D=2007 -> E=2009: 871 pairs written
  D=2007 -> E=2010: 43 pairs written
  D=2007 -> E=2011: 40 pairs written
  D=2008 -> E=2008: 3,102 pairs written
  D=2008 -> E=2009: 6,514 pairs written
  D=2008 -> E=2010: 2,942 pairs written
  D=2008 -> E=2011: 413 pairs written
  D=2008 -> E=2012: 0 pairs written
  D=2009 -> E=2009: 10,292 pairs written
  D=2009 -> E=2010: 11,580 pairs written
  D=2009 -> E=2011: 3,915 pairs written
  D=2009 -> E=2012: 30 pairs written
  D=2010 -> E=2010: 5,106 pairs written
  D=2010 -> E=2011: 5,035 pairs written
  D=2010 -> E=2012: 3 pairs written
  D=2010 -> E=2013: 1 pairs written
  D=2011 -> E=2011: 4,524 pairs written
  D=2011 -> E=2012: 10,373 pairs written
  D=2011 -> E=2013: 24 pairs written
  D=2011 -> E=2014: 1 pairs written
  D=2012 -> E=2012: 7,160 pairs written
  D=2012 -> E=2013: 5,585 pairs written
  D=2012 -> E=2014: 24 pairs written
  D=2013 -> E=2013: 2,304 pairs written
  D=2013 -> E=2014: 683 pairs written
  D=2013 -> E=2015: 8 pairs written
  D=2013 -> E=2016: 4 pairs written
  D=2013 -> E=2017: 0 pairs written
  D=2013 -> E=2018: 0 pairs written
  D=2014 -> E=2014: 391 pairs written
  D=2014 -> E=2015: 102 pairs written
  D=2014 -> E=2016: 27 pairs written
  D=2014 -> E=2017: 4 pairs written
  D=2014 -> E=2018: 2 pairs written
  D=2015 -> E=2015: 230 pairs written
  D=2015 -> E=2016: 252 pairs written
  D=2015 -> E=2017: 24 pairs written
  D=2015 -> E=2018: 7 pairs written
  D=2016 -> E=2016: 520 pairs written
  D=2016 -> E=2017: 108 pairs written
  D=2016 -> E=2018: 27 pairs written
  D=2016 -> E=2019: 10 pairs written
  D=2016 -> E=2021: 1 pairs written
  D=2017 -> E=2017: 109 pairs written
  D=2017 -> E=2018: 99 pairs written
  D=2017 -> E=2019: 39 pairs written
  D=2017 -> E=2020: 11 pairs written
  D=2017 -> E=2021: 2 pairs written
  D=2017 -> E=2022: 1 pairs written
  D=2018 -> E=2018: 70 pairs written
  D=2018 -> E=2019: 46 pairs written
  D=2018 -> E=2020: 25 pairs written
  D=2018 -> E=2021: 44 pairs written
  D=2018 -> E=2022: 1 pairs written
  D=2018 -> E=2024: 1 pairs written
  D=2018 -> E=2025: 0 pairs written
  D=2019 -> E=2019: 36 pairs written
  D=2019 -> E=2020: 62 pairs written
  D=2019 -> E=2021: 20 pairs written
  D=2019 -> E=2022: 4 pairs written
  D=2019 -> E=2023: 3 pairs written
  D=2019 -> E=2024: 1 pairs written
  D=2020 -> E=2020: 18 pairs written
  D=2020 -> E=2021: 50 pairs written
  D=2020 -> E=2022: 45 pairs written
  D=2020 -> E=2023: 26 pairs written
  D=2020 -> E=2024: 7 pairs written
  D=2020 -> E=2025: 4 pairs written
  D=2021 -> E=2021: 273 pairs written
  D=2021 -> E=2022: 1,321 pairs written
  D=2021 -> E=2023: 297 pairs written
  D=2021 -> E=2024: 99 pairs written
  D=2021 -> E=2025: 54 pairs written
  D=2022 -> E=2022: 5,540 pairs written
  D=2022 -> E=2023: 4,342 pairs written
  D=2022 -> E=2024: 682 pairs written
  D=2022 -> E=2025: 234 pairs written
  D=2023 -> E=2022: 2 pairs written
  D=2023 -> E=2023: 9,547 pairs written
  D=2023 -> E=2024: 4,912 pairs written
  D=2023 -> E=2025: 519 pairs written
  D=2024 -> E=2023: 7 pairs written
  D=2024 -> E=2024: 5,724 pairs written
  D=2024 -> E=2025: 2,032 pairs written
  D=2025 -> E=2024: 2 pairs written
  D=2025 -> E=2025: 2,236 pairs written
  D=2026 -> E=2026: 19 pairs written
  121,787 rows written to C:\ERS\web\ers_web_BC.parquet

--- Province: MB ---
=== STEP 1: splitting CSVs -> D/E parquet  [province=MB] ===
  2004-2006 [MB]: 0 D rows, 0 E rows
  2007 [MB]: 3,012 D rows, 326 E rows
  2008 [MB]: 5,894 D rows, 1,980 E rows
  2009 [MB]: 8,379 D rows, 3,983 E rows
  2010 [MB]: 2,628 D rows, 6,121 E rows
  2011 [MB]: 6,060 D rows, 3,238 E rows
  2012 [MB]: 3,307 D rows, 6,021 E rows
  2013 [MB]: 2 D rows, 0 E rows
  2014 [MB]: 0 D rows, 0 E rows
  2015 [MB]: 1 D rows, 0 E rows
  2016 [MB]: 3 D rows, 2 E rows
  2017 [MB]: 0 D rows, 0 E rows
  2018 [MB]: 1 D rows, 0 E rows
  2019 [MB]: 8 D rows, 0 E rows
  2020 [MB]: 5 D rows, 0 E rows
  2021 [MB]: 551 D rows, 13 E rows
  2022 [MB]: 3,204 D rows, 706 E rows
  2023 [MB]: 3,011 D rows, 2,332 E rows
  2024 [MB]: 1,946 D rows, 2,475 E rows
  2025 [MB]: 1,725 D rows, 1,102 E rows
  2026 [MB]: 865 D rows, 228 E rows
=== STEP 2: building pairing index ===
  D records: 40,602  E records: 28,527
  HOUSEIDs with exactly 1 D + 1 E: 26,907
  after date-order filter: 26,329 (dropped 578)
  wrote C:\ERS\_tmp_web\pairs_MB.csv
=== STEP 3: join + filter + flags + derived cols ===
  26,329 pairs across 35 year combinations
  D=2007 -> E=2007: 286 pairs written
  D=2007 -> E=2008: 964 pairs written
  D=2007 -> E=2009: 676 pairs written
  D=2007 -> E=2010: 32 pairs written
  D=2007 -> E=2011: 44 pairs written
  D=2008 -> E=2008: 795 pairs written
  D=2008 -> E=2009: 1,971 pairs written
  D=2008 -> E=2010: 949 pairs written
  D=2008 -> E=2011: 251 pairs written
  D=2009 -> E=2009: 1,100 pairs written
  D=2009 -> E=2010: 3,649 pairs written
  D=2009 -> E=2011: 1,347 pairs written
  D=2010 -> E=2010: 1,192 pairs written
  D=2010 -> E=2011: 736 pairs written
  D=2011 -> E=2011: 645 pairs written
  D=2011 -> E=2012: 3,614 pairs written
  D=2012 -> E=2012: 1,828 pairs written
  D=2016 -> E=2016: 2 pairs written
  D=2021 -> E=2021: 10 pairs written
  D=2021 -> E=2022: 125 pairs written
  D=2021 -> E=2023: 58 pairs written
  D=2021 -> E=2024: 49 pairs written
  D=2021 -> E=2025: 22 pairs written
  D=2022 -> E=2022: 498 pairs written
  D=2022 -> E=2023: 1,021 pairs written
  D=2022 -> E=2024: 331 pairs written
  D=2022 -> E=2025: 154 pairs written
  D=2023 -> E=2023: 1,075 pairs written
  D=2023 -> E=2024: 1,060 pairs written
  D=2023 -> E=2025: 181 pairs written
  D=2024 -> E=2024: 900 pairs written
  D=2024 -> E=2025: 355 pairs written
  D=2025 -> E=2023: 1 pairs written
  D=2025 -> E=2025: 304 pairs written
  D=2026 -> E=2026: 3 pairs written
  26,228 rows written to C:\ERS\web\ers_web_MB.parquet

--- Province: NB ---
=== STEP 1: splitting CSVs -> D/E parquet  [province=NB] ===
  2004-2006 [NB]: 176 D rows, 0 E rows
  2007 [NB]: 4,813 D rows, 515 E rows
  2008 [NB]: 9,631 D rows, 2,548 E rows
  2009 [NB]: 10,584 D rows, 4,875 E rows
  2010 [NB]: 7,395 D rows, 7,629 E rows
  2011 [NB]: 5,520 D rows, 5,430 E rows
  2012 [NB]: 5,283 D rows, 6,063 E rows
  2013 [NB]: 4,423 D rows, 2,277 E rows
  2014 [NB]: 1,766 D rows, 4,203 E rows
  2015 [NB]: 305 D rows, 282 E rows
  2016 [NB]: 319 D rows, 266 E rows
  2017 [NB]: 606 D rows, 398 E rows
  2018 [NB]: 2,741 D rows, 809 E rows
  2019 [NB]: 4,650 D rows, 2,679 E rows
  2020 [NB]: 4,744 D rows, 2,797 E rows
  2021 [NB]: 7,227 D rows, 3,245 E rows
  2022 [NB]: 9,742 D rows, 6,860 E rows
  2023 [NB]: 14,327 D rows, 9,061 E rows
  2024 [NB]: 9,998 D rows, 9,495 E rows
  2025 [NB]: 11,152 D rows, 7,845 E rows
  2026 [NB]: 6,544 D rows, 4,564 E rows
=== STEP 2: building pairing index ===
  D records: 121,946  E records: 81,841
  HOUSEIDs with exactly 1 D + 1 E: 64,488
  after date-order filter: 63,267 (dropped 1,221)
  wrote C:\ERS\_tmp_web\pairs_NB.csv
=== STEP 3: join + filter + flags + derived cols ===
  63,267 pairs across 79 year combinations
  D=2004-2006 -> E=2007: 58 pairs written
  D=2004-2006 -> E=2008: 59 pairs written
  D=2004-2006 -> E=2009: 2 pairs written
  D=2004-2006 -> E=2010: 1 pairs written
  D=2007 -> E=2007: 316 pairs written
  D=2007 -> E=2008: 984 pairs written
  D=2007 -> E=2009: 572 pairs written
  D=2007 -> E=2010: 101 pairs written
  D=2007 -> E=2011: 73 pairs written
  D=2007 -> E=2012: 11 pairs written
  D=2008 -> E=2008: 955 pairs written
  D=2008 -> E=2009: 2,173 pairs written
  D=2008 -> E=2010: 1,181 pairs written
  D=2008 -> E=2011: 224 pairs written
  D=2008 -> E=2012: 27 pairs written
  D=2008 -> E=2013: 1 pairs written
  D=2009 -> E=2009: 1,308 pairs written
  D=2009 -> E=2010: 3,392 pairs written
  D=2009 -> E=2011: 1,240 pairs written
  D=2009 -> E=2012: 56 pairs written
  D=2009 -> E=2022: 0 pairs written
  D=2010 -> E=2010: 1,738 pairs written
  D=2010 -> E=2011: 1,561 pairs written
  D=2010 -> E=2012: 204 pairs written
  D=2011 -> E=2011: 704 pairs written
  D=2011 -> E=2012: 1,942 pairs written
  D=2011 -> E=2013: 12 pairs written
  D=2012 -> E=2012: 1,308 pairs written
  D=2012 -> E=2013: 848 pairs written
  D=2012 -> E=2014: 452 pairs written
  D=2013 -> E=2013: 910 pairs written
  D=2013 -> E=2014: 2,049 pairs written
  D=2013 -> E=2015: 19 pairs written
  D=2014 -> E=2014: 951 pairs written
  D=2014 -> E=2015: 69 pairs written
  D=2015 -> E=2015: 103 pairs written
  D=2015 -> E=2016: 78 pairs written
  D=2015 -> E=2017: 1 pairs written
  D=2016 -> E=2016: 142 pairs written
  D=2016 -> E=2017: 93 pairs written
  D=2017 -> E=2017: 220 pairs written
  D=2017 -> E=2018: 108 pairs written
  D=2018 -> E=2018: 399 pairs written
  D=2018 -> E=2019: 905 pairs written
  D=2018 -> E=2020: 34 pairs written
  D=2018 -> E=2021: 17 pairs written
  D=2018 -> E=2022: 7 pairs written
  D=2018 -> E=2023: 2 pairs written
  D=2018 -> E=2024: 2 pairs written
  D=2019 -> E=2019: 1,095 pairs written
  D=2019 -> E=2020: 942 pairs written
  D=2019 -> E=2021: 81 pairs written
  D=2019 -> E=2022: 42 pairs written
  D=2019 -> E=2023: 11 pairs written
  D=2019 -> E=2024: 9 pairs written
  D=2019 -> E=2025: 5 pairs written
  D=2020 -> E=2020: 1,097 pairs written
  D=2020 -> E=2021: 1,069 pairs written
  D=2020 -> E=2022: 224 pairs written
  D=2020 -> E=2023: 53 pairs written
  D=2020 -> E=2024: 29 pairs written
  D=2020 -> E=2025: 8 pairs written
  D=2021 -> E=2021: 1,247 pairs written
  D=2021 -> E=2022: 2,268 pairs written
  D=2021 -> E=2023: 231 pairs written
  D=2021 -> E=2024: 175 pairs written
  D=2021 -> E=2025: 42 pairs written
  D=2022 -> E=2022: 2,831 pairs written
  D=2022 -> E=2023: 2,808 pairs written
  D=2022 -> E=2024: 374 pairs written
  D=2022 -> E=2025: 121 pairs written
  D=2023 -> E=2023: 4,660 pairs written
  D=2023 -> E=2024: 4,873 pairs written
  D=2023 -> E=2025: 536 pairs written
  D=2024 -> E=2023: 2 pairs written
  D=2024 -> E=2024: 2,994 pairs written
  D=2024 -> E=2025: 3,345 pairs written
  D=2025 -> E=2025: 3,066 pairs written
  D=2026 -> E=2026: 810 pairs written
  62,660 rows written to C:\ERS\web\ers_web_NB.parquet

--- Province: NF ---
=== STEP 1: splitting CSVs -> D/E parquet  [province=NF] ===
  2004-2006 [NF]: 0 D rows, 0 E rows
  2007 [NF]: 79 D rows, 5 E rows
  2008 [NF]: 205 D rows, 48 E rows
  2009 [NF]: 2,655 D rows, 623 E rows
  2010 [NF]: 1,907 D rows, 2,126 E rows
  2011 [NF]: 1,739 D rows, 1,233 E rows
  2012 [NF]: 1,545 D rows, 2,404 E rows
  2013 [NF]: 90 D rows, 230 E rows
  2014 [NF]: 3 D rows, 0 E rows
  2015 [NF]: 0 D rows, 0 E rows
  2016 [NF]: 0 D rows, 0 E rows
  2017 [NF]: 20 D rows, 0 E rows
  2018 [NF]: 4 D rows, 0 E rows
  2019 [NF]: 7 D rows, 1 E rows
  2020 [NF]: 6 D rows, 0 E rows
  2021 [NF]: 541 D rows, 2 E rows
  2022 [NF]: 3,072 D rows, 1,759 E rows
  2023 [NF]: 3,615 D rows, 3,056 E rows
  2024 [NF]: 1,501 D rows, 1,715 E rows
  2025 [NF]: 432 D rows, 470 E rows
  2026 [NF]: 110 D rows, 377 E rows
=== STEP 2: building pairing index ===
  D records: 17,531  E records: 14,049
  HOUSEIDs with exactly 1 D + 1 E: 13,183
  after date-order filter: 12,865 (dropped 318)
  wrote C:\ERS\_tmp_web\pairs_NF.csv
=== STEP 3: join + filter + flags + derived cols ===
  12,865 pairs across 39 year combinations
  D=2007 -> E=2007: 5 pairs written
  D=2007 -> E=2008: 25 pairs written
  D=2007 -> E=2009: 18 pairs written
  D=2007 -> E=2010: 2 pairs written
  D=2007 -> E=2011: 1 pairs written
  D=2008 -> E=2008: 20 pairs written
  D=2008 -> E=2009: 58 pairs written
  D=2008 -> E=2010: 41 pairs written
  D=2008 -> E=2011: 2 pairs written
  D=2009 -> E=2009: 540 pairs written
  D=2009 -> E=2010: 1,056 pairs written
  D=2009 -> E=2011: 349 pairs written
  D=2009 -> E=2012: 4 pairs written
  D=2010 -> E=2010: 995 pairs written
  D=2010 -> E=2011: 557 pairs written
  D=2010 -> E=2012: 35 pairs written
  D=2010 -> E=2013: 1 pairs written
  D=2011 -> E=2011: 273 pairs written
  D=2011 -> E=2012: 1,078 pairs written
  D=2012 -> E=2012: 1,058 pairs written
  D=2012 -> E=2013: 140 pairs written
  D=2013 -> E=2013: 58 pairs written
  D=2020 -> E=2022: 1 pairs written
  D=2021 -> E=2021: 2 pairs written
  D=2021 -> E=2022: 260 pairs written
  D=2021 -> E=2023: 32 pairs written
  D=2021 -> E=2024: 13 pairs written
  D=2021 -> E=2025: 13 pairs written
  D=2022 -> E=2022: 1,333 pairs written
  D=2022 -> E=2023: 906 pairs written
  D=2022 -> E=2024: 121 pairs written
  D=2022 -> E=2025: 51 pairs written
  D=2023 -> E=2023: 1,859 pairs written
  D=2023 -> E=2024: 873 pairs written
  D=2023 -> E=2025: 141 pairs written
  D=2024 -> E=2024: 672 pairs written
  D=2024 -> E=2025: 176 pairs written
  D=2025 -> E=2025: 71 pairs written
  D=2026 -> E=2026: 4 pairs written
  12,844 rows written to C:\ERS\web\ers_web_NF.parquet

--- Province: NS ---
=== STEP 1: splitting CSVs -> D/E parquet  [province=NS] ===
  2004-2006 [NS]: 385 D rows, 0 E rows
  2007 [NS]: 3,989 D rows, 285 E rows
  2008 [NS]: 7,868 D rows, 2,187 E rows
  2009 [NS]: 12,227 D rows, 5,134 E rows
  2010 [NS]: 5,053 D rows, 7,192 E rows
  2011 [NS]: 5,496 D rows, 4,462 E rows
  2012 [NS]: 6,807 D rows, 7,013 E rows
  2013 [NS]: 5,736 D rows, 3,262 E rows
  2014 [NS]: 5,426 D rows, 3,984 E rows
  2015 [NS]: 3,615 D rows, 3,405 E rows
  2016 [NS]: 3,596 D rows, 2,630 E rows
  2017 [NS]: 4,168 D rows, 2,721 E rows
  2018 [NS]: 4,839 D rows, 2,565 E rows
  2019 [NS]: 6,377 D rows, 3,413 E rows
  2020 [NS]: 4,561 D rows, 2,598 E rows
  2021 [NS]: 8,224 D rows, 2,873 E rows
  2022 [NS]: 14,640 D rows, 6,045 E rows
  2023 [NS]: 18,498 D rows, 12,070 E rows
  2024 [NS]: 17,537 D rows, 13,292 E rows
  2025 [NS]: 15,207 D rows, 12,056 E rows
  2026 [NS]: 3,373 D rows, 4,193 E rows
=== STEP 2: building pairing index ===
  D records: 157,622  E records: 101,380
  HOUSEIDs with exactly 1 D + 1 E: 74,517
  after date-order filter: 73,853 (dropped 664)
  wrote C:\ERS\_tmp_web\pairs_NS.csv
=== STEP 3: join + filter + flags + derived cols ===
  73,853 pairs across 88 year combinations
  D=2004-2006 -> E=2007: 58 pairs written
  D=2004-2006 -> E=2008: 189 pairs written
  D=2004-2006 -> E=2009: 1 pairs written
  D=2007 -> E=2007: 146 pairs written
  D=2007 -> E=2008: 943 pairs written
  D=2007 -> E=2009: 649 pairs written
  D=2007 -> E=2010: 47 pairs written
  D=2007 -> E=2011: 37 pairs written
  D=2007 -> E=2012: 3 pairs written
  D=2008 -> E=2008: 368 pairs written
  D=2008 -> E=2009: 2,213 pairs written
  D=2008 -> E=2010: 1,084 pairs written
  D=2008 -> E=2011: 173 pairs written
  D=2009 -> E=2009: 965 pairs written
  D=2009 -> E=2010: 3,488 pairs written
  D=2009 -> E=2011: 1,384 pairs written
  D=2009 -> E=2012: 5 pairs written
  D=2009 -> E=2014: 1 pairs written
  D=2009 -> E=2022: 0 pairs written
  D=2010 -> E=2010: 826 pairs written
  D=2010 -> E=2011: 1,291 pairs written
  D=2010 -> E=2012: 159 pairs written
  D=2010 -> E=2013: 15 pairs written
  D=2010 -> E=2014: 2 pairs written
  D=2011 -> E=2011: 392 pairs written
  D=2011 -> E=2012: 2,172 pairs written
  D=2011 -> E=2013: 40 pairs written
  D=2011 -> E=2014: 3 pairs written
  D=2012 -> E=2012: 1,373 pairs written
  D=2012 -> E=2013: 933 pairs written
  D=2012 -> E=2014: 47 pairs written
  D=2012 -> E=2015: 1 pairs written
  D=2013 -> E=2013: 1,360 pairs written
  D=2013 -> E=2014: 1,704 pairs written
  D=2013 -> E=2015: 60 pairs written
  D=2013 -> E=2016: 12 pairs written
  D=2013 -> E=2023: 0 pairs written
  D=2014 -> E=2014: 1,239 pairs written
  D=2014 -> E=2015: 1,389 pairs written
  D=2014 -> E=2016: 89 pairs written
  D=2014 -> E=2017: 0 pairs written
  D=2015 -> E=2015: 1,153 pairs written
  D=2015 -> E=2016: 789 pairs written
  D=2015 -> E=2017: 75 pairs written
  D=2015 -> E=2018: 0 pairs written
  D=2016 -> E=2016: 1,200 pairs written
  D=2016 -> E=2017: 704 pairs written
  D=2016 -> E=2018: 52 pairs written
  D=2016 -> E=2019: 1 pairs written
  D=2016 -> E=2023: 0 pairs written
  D=2017 -> E=2017: 1,265 pairs written
  D=2017 -> E=2018: 482 pairs written
  D=2017 -> E=2019: 109 pairs written
  D=2017 -> E=2020: 3 pairs written
  D=2018 -> E=2018: 849 pairs written
  D=2018 -> E=2019: 964 pairs written
  D=2018 -> E=2020: 150 pairs written
  D=2018 -> E=2021: 23 pairs written
  D=2018 -> E=2022: 4 pairs written
  D=2019 -> E=2019: 1,409 pairs written
  D=2019 -> E=2020: 1,018 pairs written
  D=2019 -> E=2021: 269 pairs written
  D=2019 -> E=2022: 45 pairs written
  D=2019 -> E=2023: 10 pairs written
  D=2020 -> E=2020: 722 pairs written
  D=2020 -> E=2021: 802 pairs written
  D=2020 -> E=2022: 321 pairs written
  D=2020 -> E=2023: 47 pairs written
  D=2020 -> E=2024: 3 pairs written
  D=2020 -> E=2025: 4 pairs written
  D=2021 -> E=2021: 1,018 pairs written
  D=2021 -> E=2022: 1,785 pairs written
  D=2021 -> E=2023: 588 pairs written
  D=2021 -> E=2024: 146 pairs written
  D=2021 -> E=2025: 32 pairs written
  D=2022 -> E=2022: 2,147 pairs written
  D=2022 -> E=2023: 4,220 pairs written
  D=2022 -> E=2024: 749 pairs written
  D=2022 -> E=2025: 98 pairs written
  D=2023 -> E=2023: 4,129 pairs written
  D=2023 -> E=2024: 5,821 pairs written
  D=2023 -> E=2025: 782 pairs written
  D=2024 -> E=2023: 1 pairs written
  D=2024 -> E=2024: 4,170 pairs written
  D=2024 -> E=2025: 4,985 pairs written
  D=2025 -> E=2024: 2 pairs written
  D=2025 -> E=2025: 4,071 pairs written
  D=2026 -> E=2026: 603 pairs written
  72,681 rows written to C:\ERS\web\ers_web_NS.parquet

--- Province: NT ---
=== STEP 1: splitting CSVs -> D/E parquet  [province=NT] ===
  2004-2006 [NT]: 2 D rows, 0 E rows
  2007 [NT]: 87 D rows, 1 E rows
  2008 [NT]: 288 D rows, 19 E rows
  2009 [NT]: 354 D rows, 28 E rows
  2010 [NT]: 114 D rows, 48 E rows
  2011 [NT]: 92 D rows, 94 E rows
  2012 [NT]: 58 D rows, 23 E rows
  2013 [NT]: 93 D rows, 2 E rows
  2014 [NT]: 66 D rows, 5 E rows
  2015 [NT]: 49 D rows, 1 E rows
  2016 [NT]: 35 D rows, 1 E rows
  2017 [NT]: 85 D rows, 3 E rows
  2018 [NT]: 68 D rows, 11 E rows
  2019 [NT]: 111 D rows, 8 E rows
  2020 [NT]: 62 D rows, 4 E rows
  2021 [NT]: 54 D rows, 2 E rows
  2022 [NT]: 116 D rows, 9 E rows
  2023 [NT]: 130 D rows, 15 E rows
  2024 [NT]: 113 D rows, 36 E rows
  2025 [NT]: 103 D rows, 25 E rows
  2026 [NT]: 28 D rows, 5 E rows
=== STEP 2: building pairing index ===
  D records: 2,108  E records: 340
  HOUSEIDs with exactly 1 D + 1 E: 292
  after date-order filter: 289 (dropped 3)
  wrote C:\ERS\_tmp_web\pairs_NT.csv
=== STEP 3: join + filter + flags + derived cols ===
  289 pairs across 48 year combinations
  D=2007 -> E=2007: 1 pairs written
  D=2007 -> E=2008: 9 pairs written
  D=2007 -> E=2009: 10 pairs written
  D=2007 -> E=2010: 1 pairs written
  D=2007 -> E=2011: 6 pairs written
  D=2008 -> E=2008: 7 pairs written
  D=2008 -> E=2009: 15 pairs written
  D=2008 -> E=2010: 26 pairs written
  D=2008 -> E=2011: 31 pairs written
  D=2009 -> E=2009: 2 pairs written
  D=2009 -> E=2010: 13 pairs written
  D=2009 -> E=2011: 22 pairs written
  D=2010 -> E=2010: 1 pairs written
  D=2010 -> E=2011: 17 pairs written
  D=2010 -> E=2012: 1 pairs written
  D=2011 -> E=2011: 7 pairs written
  D=2011 -> E=2012: 7 pairs written
  D=2011 -> E=2013: 1 pairs written
  D=2012 -> E=2012: 2 pairs written
  D=2013 -> E=2013: 1 pairs written
  D=2013 -> E=2014: 2 pairs written
  D=2013 -> E=2018: 1 pairs written
  D=2014 -> E=2014: 1 pairs written
  D=2014 -> E=2018: 0 pairs written
  D=2017 -> E=2018: 8 pairs written
  D=2018 -> E=2019: 4 pairs written
  D=2019 -> E=2019: 3 pairs written
  D=2019 -> E=2020: 2 pairs written
  D=2019 -> E=2022: 2 pairs written
  D=2019 -> E=2023: 2 pairs written
  D=2019 -> E=2024: 1 pairs written
  D=2020 -> E=2020: 1 pairs written
  D=2020 -> E=2021: 1 pairs written
  D=2020 -> E=2022: 1 pairs written
  D=2021 -> E=2022: 1 pairs written
  D=2021 -> E=2023: 1 pairs written
  D=2021 -> E=2024: 2 pairs written
  D=2022 -> E=2022: 1 pairs written
  D=2022 -> E=2023: 3 pairs written
  D=2022 -> E=2024: 15 pairs written
  D=2022 -> E=2025: 2 pairs written
  D=2023 -> E=2023: 4 pairs written
  D=2023 -> E=2024: 14 pairs written
  D=2023 -> E=2025: 6 pairs written
  D=2024 -> E=2023: 1 pairs written
  D=2024 -> E=2024: 3 pairs written
  D=2024 -> E=2025: 10 pairs written
  D=2025 -> E=2025: 6 pairs written
  278 rows written to C:\ERS\web\ers_web_NT.parquet

--- Province: NU ---
=== STEP 1: splitting CSVs -> D/E parquet  [province=NU] ===
  2004-2006 [NU]: 0 D rows, 0 E rows
  2007 [NU]: 3 D rows, 0 E rows
  2008 [NU]: 31 D rows, 0 E rows
  2009 [NU]: 5 D rows, 0 E rows
  2010 [NU]: 0 D rows, 0 E rows
  2011 [NU]: 0 D rows, 0 E rows
  2012 [NU]: 0 D rows, 0 E rows
  2013 [NU]: 0 D rows, 0 E rows
  2014 [NU]: 0 D rows, 0 E rows
  2015 [NU]: 20 D rows, 0 E rows
  2016 [NU]: 21 D rows, 0 E rows
  2017 [NU]: 13 D rows, 0 E rows
  2018 [NU]: 0 D rows, 0 E rows
  2019 [NU]: 0 D rows, 0 E rows
  2020 [NU]: 0 D rows, 0 E rows
  2021 [NU]: 4 D rows, 0 E rows
  2022 [NU]: 6 D rows, 2 E rows
  2023 [NU]: 13 D rows, 0 E rows
  2024 [NU]: 7 D rows, 1 E rows
  2025 [NU]: 1 D rows, 1 E rows
  2026 [NU]: 0 D rows, 0 E rows
=== STEP 2: building pairing index ===
  D records: 124  E records: 4
  HOUSEIDs with exactly 1 D + 1 E: 4
  after date-order filter: 4 (dropped 0)
  wrote C:\ERS\_tmp_web\pairs_NU.csv
=== STEP 3: join + filter + flags + derived cols ===
  4 pairs across 3 year combinations
  D=2021 -> E=2022: 2 pairs written
  D=2022 -> E=2024: 1 pairs written
  D=2023 -> E=2025: 1 pairs written
  4 rows written to C:\ERS\web\ers_web_NU.parquet

--- Province: ON ---
=== STEP 1: splitting CSVs -> D/E parquet  [province=ON] ===
  2004-2006 [ON]: 61 D rows, 0 E rows
  2007 [ON]: 23,023 D rows, 2,952 E rows
  2008 [ON]: 93,751 D rows, 34,357 E rows
  2009 [ON]: 178,473 D rows, 84,251 E rows
  2010 [ON]: 116,655 D rows, 163,051 E rows
  2011 [ON]: 73,445 D rows, 103,516 E rows
  2012 [ON]: 21,145 D rows, 53,747 E rows
  2013 [ON]: 1,930 D rows, 1,125 E rows
  2014 [ON]: 6,189 D rows, 4,652 E rows
  2015 [ON]: 10,411 D rows, 10,486 E rows
  2016 [ON]: 26,311 D rows, 18,730 E rows
  2017 [ON]: 44,690 D rows, 37,047 E rows
  2018 [ON]: 52,819 D rows, 48,622 E rows
  2019 [ON]: 33,862 D rows, 38,256 E rows
  2020 [ON]: 24,379 D rows, 23,355 E rows
  2021 [ON]: 33,835 D rows, 19,127 E rows
  2022 [ON]: 59,513 D rows, 39,987 E rows
  2023 [ON]: 107,904 D rows, 70,697 E rows
  2024 [ON]: 55,911 D rows, 88,762 E rows
  2025 [ON]: 22,167 D rows, 21,182 E rows
  2026 [ON]: 5,726 D rows, 4,684 E rows
=== STEP 2: building pairing index ===
  D records: 992,200  E records: 868,586
  HOUSEIDs with exactly 1 D + 1 E: 756,350
  after date-order filter: 687,940 (dropped 68,410)
  wrote C:\ERS\_tmp_web\pairs_ON.csv
=== STEP 3: join + filter + flags + derived cols ===
  687,940 pairs across 93 year combinations
  D=2009 -> E=2009: 29,295 pairs written
  D=2009 -> E=2010: 53,176 pairs written
  D=2009 -> E=2011: 14,627 pairs written
  D=2009 -> E=2012: 5 pairs written
  D=2009 -> E=2018: 0 pairs written
  D=2009 -> E=2020: 0 pairs written
  D=2009 -> E=2022: 0 pairs written
  D=2010 -> E=2010: 48,228 pairs written
  D=2010 -> E=2011: 42,478 pairs written
  D=2010 -> E=2012: 11 pairs written
  D=2010 -> E=2021: 0 pairs written
  D=2011 -> E=2011: 19,050 pairs written
  D=2011 -> E=2012: 31,451 pairs written
  D=2011 -> E=2013: 4 pairs written
  D=2012 -> E=2012: 12,306 pairs written
  D=2012 -> E=2013: 47 pairs written
  D=2012 -> E=2019: 0 pairs written
  D=2013 -> E=2013: 503 pairs written
  D=2013 -> E=2014: 250 pairs written
  D=2013 -> E=2015: 42 pairs written
  D=2014 -> E=2014: 1,724 pairs written
  D=2014 -> E=2015: 879 pairs written
  D=2014 -> E=2016: 7 pairs written
  D=2014 -> E=2017: 1 pairs written
  D=2014 -> E=2018: 0 pairs written
  D=2015 -> E=2015: 4,520 pairs written
  D=2015 -> E=2016: 441 pairs written
  D=2015 -> E=2017: 8 pairs written
  D=2015 -> E=2018: 30 pairs written
  D=2016 -> E=2016: 12,229 pairs written
  D=2016 -> E=2017: 5,271 pairs written
  D=2016 -> E=2018: 53 pairs written
  D=2016 -> E=2019: 2 pairs written
  D=2017 -> E=2017: 20,054 pairs written
  D=2017 -> E=2018: 3,951 pairs written
  D=2017 -> E=2019: 134 pairs written
  D=2017 -> E=2020: 1 pairs written
  D=2017 -> E=2023: 1 pairs written
  D=2018 -> E=2018: 20,987 pairs written
  D=2018 -> E=2019: 9,223 pairs written
  D=2018 -> E=2020: 11 pairs written
  D=2018 -> E=2021: 4 pairs written
  D=2018 -> E=2024: 1 pairs written
  D=2019 -> E=2019: 17,158 pairs written
  D=2019 -> E=2020: 4,133 pairs written
  D=2019 -> E=2021: 59 pairs written
  D=2019 -> E=2022: 7 pairs written
  D=2019 -> E=2023: 2 pairs written
  D=2019 -> E=2024: 1 pairs written
  D=2019 -> E=2025: 1 pairs written
  D=2020 -> E=2020: 10,471 pairs written
  D=2020 -> E=2021: 3,467 pairs written
  D=2020 -> E=2022: 121 pairs written
  D=2020 -> E=2023: 26 pairs written
  D=2020 -> E=2024: 14 pairs written
  D=2020 -> E=2025: 9 pairs written
  D=2021 -> E=2021: 8,249 pairs written
  D=2021 -> E=2022: 7,843 pairs written
  D=2021 -> E=2023: 1,577 pairs written
  D=2021 -> E=2024: 776 pairs written
  D=2021 -> E=2025: 149 pairs written
  D=2022 -> E=2022: 17,033 pairs written
  D=2022 -> E=2023: 11,987 pairs written
  D=2022 -> E=2024: 3,272 pairs written
  D=2022 -> E=2025: 759 pairs written
  D=2023 -> E=2023: 37,697 pairs written
  D=2023 -> E=2024: 35,339 pairs written
  D=2023 -> E=2025: 1,730 pairs written
  D=2024 -> E=2023: 8 pairs written
  D=2024 -> E=2024: 33,228 pairs written
  D=2024 -> E=2025: 5,197 pairs written
  D=2025 -> E=2025: 9,805 pairs written
  D=2026 -> E=2026: 1,516 pairs written
  D=2004-2006 -> E=2007: 1 pairs written
  D=2004-2006 -> E=2008: 31 pairs written
  D=2004-2006 -> E=2009: 2 pairs written
  D=2007 -> E=2007: 2,088 pairs written
  D=2007 -> E=2008: 8,368 pairs written
  D=2007 -> E=2009: 5,301 pairs written
  D=2007 -> E=2010: 286 pairs written
  D=2007 -> E=2011: 164 pairs written
  D=2008 -> E=2008: 20,289 pairs written
  D=2008 -> E=2009: 31,548 pairs written
  D=2008 -> E=2010: 16,105 pairs written
  D=2008 -> E=2011: 2,088 pairs written
  D=2008 -> E=2014: 1 pairs written
  D=2008 -> E=2023: 0 pairs written
  D=2008 -> E=2025: 0 pairs written
  D=2009 -> E=2009: 8,896 pairs written
  D=2009 -> E=2010: 27,500 pairs written
  D=2009 -> E=2011: 7,548 pairs written
  D=2009 -> E=2012: 1 pairs written
  D=2009 -> E=2013: 1 pairs written
  672,857 rows written to C:\ERS\web\ers_web_ON.parquet

--- Province: PE ---
=== STEP 1: splitting CSVs -> D/E parquet  [province=PE] ===
  2004-2006 [PE]: 0 D rows, 0 E rows
  2007 [PE]: 50 D rows, 1 E rows
  2008 [PE]: 1,359 D rows, 68 E rows
  2009 [PE]: 2,407 D rows, 640 E rows
  2010 [PE]: 493 D rows, 1,098 E rows
  2011 [PE]: 211 D rows, 382 E rows
  2012 [PE]: 104 D rows, 225 E rows
  2013 [PE]: 2 D rows, 0 E rows
  2014 [PE]: 0 D rows, 0 E rows
  2015 [PE]: 1 D rows, 0 E rows
  2016 [PE]: 11 D rows, 0 E rows
  2017 [PE]: 89 D rows, 0 E rows
  2018 [PE]: 827 D rows, 46 E rows
  2019 [PE]: 1,893 D rows, 421 E rows
  2020 [PE]: 1,858 D rows, 567 E rows
  2021 [PE]: 2,249 D rows, 676 E rows
  2022 [PE]: 3,670 D rows, 1,612 E rows
  2023 [PE]: 5,803 D rows, 3,241 E rows
  2024 [PE]: 3,031 D rows, 3,277 E rows
  2025 [PE]: 2,514 D rows, 1,841 E rows
  2026 [PE]: 1,012 D rows, 739 E rows
=== STEP 2: building pairing index ===
  D records: 27,584  E records: 14,834
  HOUSEIDs with exactly 1 D + 1 E: 11,369
  after date-order filter: 11,288 (dropped 81)
  wrote C:\ERS\_tmp_web\pairs_PE.csv
=== STEP 3: join + filter + flags + derived cols ===
  11,288 pairs across 52 year combinations
  D=2007 -> E=2008: 11 pairs written
  D=2007 -> E=2009: 9 pairs written
  D=2007 -> E=2011: 3 pairs written
  D=2008 -> E=2008: 38 pairs written
  D=2008 -> E=2009: 281 pairs written
  D=2008 -> E=2010: 170 pairs written
  D=2008 -> E=2011: 11 pairs written
  D=2008 -> E=2023: 0 pairs written
  D=2009 -> E=2009: 206 pairs written
  D=2009 -> E=2010: 569 pairs written
  D=2009 -> E=2011: 159 pairs written
  D=2010 -> E=2010: 115 pairs written
  D=2010 -> E=2011: 108 pairs written
  D=2010 -> E=2012: 1 pairs written
  D=2011 -> E=2011: 17 pairs written
  D=2011 -> E=2012: 83 pairs written
  D=2012 -> E=2012: 18 pairs written
  D=2018 -> E=2018: 19 pairs written
  D=2018 -> E=2019: 152 pairs written
  D=2018 -> E=2020: 33 pairs written
  D=2018 -> E=2021: 29 pairs written
  D=2018 -> E=2022: 10 pairs written
  D=2018 -> E=2023: 4 pairs written
  D=2018 -> E=2024: 1 pairs written
  D=2019 -> E=2019: 115 pairs written
  D=2019 -> E=2020: 240 pairs written
  D=2019 -> E=2021: 137 pairs written
  D=2019 -> E=2022: 58 pairs written
  D=2019 -> E=2023: 22 pairs written
  D=2019 -> E=2024: 24 pairs written
  D=2020 -> E=2020: 82 pairs written
  D=2020 -> E=2021: 196 pairs written
  D=2020 -> E=2022: 121 pairs written
  D=2020 -> E=2023: 48 pairs written
  D=2020 -> E=2024: 13 pairs written
  D=2020 -> E=2025: 1 pairs written
  D=2021 -> E=2021: 101 pairs written
  D=2021 -> E=2022: 566 pairs written
  D=2021 -> E=2023: 152 pairs written
  D=2021 -> E=2024: 32 pairs written
  D=2021 -> E=2025: 11 pairs written
  D=2022 -> E=2022: 450 pairs written
  D=2022 -> E=2023: 1,240 pairs written
  D=2022 -> E=2024: 177 pairs written
  D=2022 -> E=2025: 45 pairs written
  D=2023 -> E=2023: 1,056 pairs written
  D=2023 -> E=2024: 1,646 pairs written
  D=2023 -> E=2025: 261 pairs written
  D=2024 -> E=2024: 864 pairs written
  D=2024 -> E=2025: 592 pairs written
  D=2025 -> E=2025: 640 pairs written
  D=2026 -> E=2026: 261 pairs written
  11,198 rows written to C:\ERS\web\ers_web_PE.parquet

--- Province: QC ---
=== STEP 1: splitting CSVs -> D/E parquet  [province=QC] ===
  2004-2006 [QC]: 1,766 D rows, 0 E rows
  2007 [QC]: 10,015 D rows, 1,186 E rows
  2008 [QC]: 12,854 D rows, 5,534 E rows
  2009 [QC]: 19,902 D rows, 9,587 E rows
  2010 [QC]: 6,864 D rows, 12,087 E rows
  2011 [QC]: 8,858 D rows, 6,209 E rows
  2012 [QC]: 7,471 D rows, 9,623 E rows
  2013 [QC]: 14,142 D rows, 5,837 E rows
  2014 [QC]: 20,818 D rows, 10,380 E rows
  2015 [QC]: 17,396 D rows, 15,232 E rows
  2016 [QC]: 20,371 D rows, 14,483 E rows
  2017 [QC]: 21,247 D rows, 21,622 E rows
  2018 [QC]: 29,702 D rows, 14,813 E rows
  2019 [QC]: 36,033 D rows, 31,487 E rows
  2020 [QC]: 39,889 D rows, 21,508 E rows
  2021 [QC]: 47,202 D rows, 21,509 E rows
  2022 [QC]: 73,266 D rows, 39,222 E rows
  2023 [QC]: 78,448 D rows, 52,395 E rows
  2024 [QC]: 52,748 D rows, 43,975 E rows
  2025 [QC]: 30,433 D rows, 26,740 E rows
  2026 [QC]: 13,528 D rows, 7,892 E rows
=== STEP 2: building pairing index ===
  D records: 562,953  E records: 371,321
  HOUSEIDs with exactly 1 D + 1 E: 273,403
  after date-order filter: 270,082 (dropped 3,321)
  wrote C:\ERS\_tmp_web\pairs_QC.csv
=== STEP 3: join + filter + flags + derived cols ===
  270,082 pairs across 126 year combinations
  D=2020 -> E=2020: 8,191 pairs written
  D=2020 -> E=2021: 6,489 pairs written
  D=2020 -> E=2022: 846 pairs written
  D=2020 -> E=2023: 462 pairs written
  D=2020 -> E=2024: 403 pairs written
  D=2020 -> E=2025: 161 pairs written
  D=2021 -> E=2021: 3,436 pairs written
  D=2021 -> E=2022: 9,323 pairs written
  D=2021 -> E=2023: 2,422 pairs written
  D=2021 -> E=2024: 1,458 pairs written
  D=2021 -> E=2025: 447 pairs written
  D=2022 -> E=2022: 15,662 pairs written
  D=2022 -> E=2023: 13,596 pairs written
  D=2022 -> E=2024: 3,421 pairs written
  D=2022 -> E=2025: 1,023 pairs written
  D=2023 -> E=2023: 20,847 pairs written
  D=2023 -> E=2024: 16,105 pairs written
  D=2023 -> E=2025: 2,074 pairs written
  D=2024 -> E=2023: 2 pairs written
  D=2024 -> E=2024: 11,583 pairs written
  D=2024 -> E=2025: 9,662 pairs written
  D=2025 -> E=2025: 7,468 pairs written
  D=2026 -> E=2026: 2,164 pairs written
  D=2004-2006 -> E=2007: 314 pairs written
  D=2004-2006 -> E=2008: 593 pairs written
  D=2004-2006 -> E=2009: 6 pairs written
  D=2004-2006 -> E=2010: 6 pairs written
  D=2004-2006 -> E=2011: 1 pairs written
  D=2007 -> E=2007: 484 pairs written
  D=2007 -> E=2008: 2,533 pairs written
  D=2007 -> E=2009: 1,434 pairs written
  D=2007 -> E=2010: 107 pairs written
  D=2007 -> E=2011: 73 pairs written
  D=2007 -> E=2012: 2 pairs written
  D=2007 -> E=2016: 1 pairs written
  D=2007 -> E=2021: 0 pairs written
  D=2007 -> E=2025: 0 pairs written
  D=2008 -> E=2008: 1,085 pairs written
  D=2008 -> E=2009: 3,943 pairs written
  D=2008 -> E=2010: 1,836 pairs written
  D=2008 -> E=2011: 194 pairs written
  D=2008 -> E=2012: 3 pairs written
  D=2009 -> E=2009: 2,512 pairs written
  D=2009 -> E=2010: 6,695 pairs written
  D=2009 -> E=2011: 2,580 pairs written
  D=2009 -> E=2012: 4 pairs written
  D=2009 -> E=2013: 2 pairs written
  D=2010 -> E=2010: 1,312 pairs written
  D=2010 -> E=2011: 1,634 pairs written
  D=2010 -> E=2012: 291 pairs written
  D=2010 -> E=2013: 4 pairs written
  D=2010 -> E=2014: 4 pairs written
  D=2010 -> E=2015: 6 pairs written
  D=2010 -> E=2016: 2 pairs written
  D=2010 -> E=2017: 1 pairs written
  D=2010 -> E=2018: 0 pairs written
  D=2010 -> E=2019: 1 pairs written
  D=2011 -> E=2011: 342 pairs written
  D=2011 -> E=2012: 3,791 pairs written
  D=2011 -> E=2013: 40 pairs written
  D=2011 -> E=2014: 8 pairs written
  D=2011 -> E=2015: 18 pairs written
  D=2011 -> E=2016: 4 pairs written
  D=2011 -> E=2017: 12 pairs written
  D=2011 -> E=2018: 4 pairs written
  D=2011 -> E=2019: 19 pairs written
  D=2012 -> E=2012: 1,430 pairs written
  D=2012 -> E=2013: 611 pairs written
  D=2012 -> E=2014: 206 pairs written
  D=2012 -> E=2015: 122 pairs written
  D=2012 -> E=2016: 46 pairs written
  D=2012 -> E=2017: 57 pairs written
  D=2012 -> E=2018: 6 pairs written
  D=2012 -> E=2019: 15 pairs written
  D=2012 -> E=2020: 0 pairs written
  D=2013 -> E=2013: 3,884 pairs written
  D=2013 -> E=2014: 2,351 pairs written
  D=2013 -> E=2015: 1,247 pairs written
  D=2013 -> E=2016: 370 pairs written
  D=2013 -> E=2017: 350 pairs written
  D=2013 -> E=2018: 28 pairs written
  D=2013 -> E=2019: 35 pairs written
  D=2013 -> E=2020: 1 pairs written
  D=2014 -> E=2014: 5,783 pairs written
  D=2014 -> E=2015: 4,857 pairs written
  D=2014 -> E=2016: 897 pairs written
  D=2014 -> E=2017: 831 pairs written
  D=2014 -> E=2018: 67 pairs written
  D=2014 -> E=2019: 75 pairs written
  D=2014 -> E=2020: 8 pairs written
  D=2015 -> E=2015: 5,824 pairs written
  D=2015 -> E=2016: 2,789 pairs written
  D=2015 -> E=2017: 1,453 pairs written
  D=2015 -> E=2018: 97 pairs written
  D=2015 -> E=2019: 75 pairs written
  D=2015 -> E=2020: 7 pairs written
  D=2015 -> E=2023: 0 pairs written
  D=2016 -> E=2016: 7,529 pairs written
  D=2016 -> E=2017: 5,461 pairs written
  D=2016 -> E=2018: 166 pairs written
  D=2016 -> E=2019: 78 pairs written
  D=2016 -> E=2020: 19 pairs written
  D=2016 -> E=2021: 2 pairs written
  D=2016 -> E=2023: 0 pairs written
  D=2017 -> E=2017: 8,221 pairs written
  D=2017 -> E=2018: 1,946 pairs written
  D=2017 -> E=2019: 462 pairs written
  D=2017 -> E=2020: 56 pairs written
  D=2017 -> E=2025: 0 pairs written
  D=2018 -> E=2018: 6,219 pairs written
  D=2018 -> E=2019: 9,026 pairs written
  D=2018 -> E=2020: 164 pairs written
  D=2018 -> E=2023: 0 pairs written
  D=2019 -> E=2019: 14,553 pairs written
  D=2019 -> E=2020: 2,745 pairs written
  D=2019 -> E=2021: 455 pairs written
  D=2019 -> E=2022: 17 pairs written
  D=2019 -> E=2023: 7 pairs written
  D=2019 -> E=2024: 19 pairs written
  D=2019 -> E=2025: 7 pairs written
  D=2020 -> E=2020: 861 pairs written
  D=2020 -> E=2021: 413 pairs written
  D=2020 -> E=2022: 53 pairs written
  D=2020 -> E=2023: 87 pairs written
  D=2020 -> E=2024: 33 pairs written
  D=2020 -> E=2025: 14 pairs written
  261,281 rows written to C:\ERS\web\ers_web_QC.parquet

--- Province: SK ---
=== STEP 1: splitting CSVs -> D/E parquet  [province=SK] ===
  2004-2006 [SK]: 876 D rows, 0 E rows
  2007 [SK]: 9,708 D rows, 1,095 E rows
  2008 [SK]: 13,604 D rows, 5,470 E rows
  2009 [SK]: 15,040 D rows, 10,821 E rows
  2010 [SK]: 5,125 D rows, 11,741 E rows
  2011 [SK]: 7,090 D rows, 7,015 E rows
  2012 [SK]: 6,908 D rows, 8,215 E rows
  2013 [SK]: 2,318 D rows, 3,592 E rows
  2014 [SK]: 35 D rows, 41 E rows
  2015 [SK]: 0 D rows, 0 E rows
  2016 [SK]: 7 D rows, 0 E rows
  2017 [SK]: 7 D rows, 0 E rows
  2018 [SK]: 5 D rows, 1 E rows
  2019 [SK]: 10 D rows, 0 E rows
  2020 [SK]: 8 D rows, 0 E rows
  2021 [SK]: 434 D rows, 0 E rows
  2022 [SK]: 2,735 D rows, 837 E rows
  2023 [SK]: 1,924 D rows, 1,468 E rows
  2024 [SK]: 1,704 D rows, 1,414 E rows
  2025 [SK]: 1,246 D rows, 1,073 E rows
  2026 [SK]: 221 D rows, 402 E rows
=== STEP 2: building pairing index ===
  D records: 69,005  E records: 53,185
  HOUSEIDs with exactly 1 D + 1 E: 46,892
  after date-order filter: 45,050 (dropped 1,842)
  wrote C:\ERS\_tmp_web\pairs_SK.csv
=== STEP 3: join + filter + flags + derived cols ===
  45,050 pairs across 45 year combinations
  D=2004-2006 -> E=2007: 2 pairs written
  D=2004-2006 -> E=2008: 51 pairs written
  D=2004-2006 -> E=2009: 43 pairs written
  D=2004-2006 -> E=2010: 41 pairs written
  D=2004-2006 -> E=2011: 11 pairs written
  D=2007 -> E=2007: 844 pairs written
  D=2007 -> E=2008: 2,793 pairs written
  D=2007 -> E=2009: 2,465 pairs written
  D=2007 -> E=2010: 246 pairs written
  D=2007 -> E=2011: 132 pairs written
  D=2008 -> E=2008: 1,912 pairs written
  D=2008 -> E=2009: 5,211 pairs written
  D=2008 -> E=2010: 2,216 pairs written
  D=2008 -> E=2011: 455 pairs written
  D=2009 -> E=2009: 2,455 pairs written
  D=2009 -> E=2010: 6,803 pairs written
  D=2009 -> E=2011: 2,148 pairs written
  D=2009 -> E=2012: 1 pairs written
  D=2010 -> E=2010: 1,691 pairs written
  D=2010 -> E=2011: 2,183 pairs written
  D=2010 -> E=2012: 1 pairs written
  D=2011 -> E=2011: 949 pairs written
  D=2011 -> E=2012: 3,094 pairs written
  D=2011 -> E=2013: 17 pairs written
  D=2012 -> E=2012: 1,622 pairs written
  D=2012 -> E=2013: 1,558 pairs written
  D=2012 -> E=2014: 11 pairs written
  D=2013 -> E=2013: 1,175 pairs written
  D=2013 -> E=2014: 10 pairs written
  D=2014 -> E=2014: 10 pairs written
  D=2021 -> E=2022: 141 pairs written
  D=2021 -> E=2023: 48 pairs written
  D=2021 -> E=2024: 26 pairs written
  D=2021 -> E=2025: 19 pairs written
  D=2022 -> E=2022: 555 pairs written
  D=2022 -> E=2023: 742 pairs written
  D=2022 -> E=2024: 242 pairs written
  D=2022 -> E=2025: 100 pairs written
  D=2023 -> E=2023: 501 pairs written
  D=2023 -> E=2024: 592 pairs written
  D=2023 -> E=2025: 173 pairs written
  D=2024 -> E=2024: 411 pairs written
  D=2024 -> E=2025: 438 pairs written
  D=2025 -> E=2025: 245 pairs written
  D=2026 -> E=2026: 6 pairs written
  44,389 rows written to C:\ERS\web\ers_web_SK.parquet

=== STEP 3b: build / load global dictionary ===
  scanned AB
  scanned BC
  scanned MB
  scanned NB
  scanned NF
  scanned NS
  scanned NT
  scanned NU
  scanned ON
  scanned PE
  scanned QC
  scanned SK
  wrote C:\ERS\web\ers_web_keys.json

=== STEP 3c: write encoded, gzipped CSV per province ===
  wrote C:\ERS\web\ers_web_AB.csv.gz
    rows: 83,098  columns: 94
    file size: 12153.5 KB
  wrote C:\ERS\web\ers_web_BC.csv.gz
    rows: 121,787  columns: 94
    file size: 17358.8 KB
  wrote C:\ERS\web\ers_web_MB.csv.gz
    rows: 26,228  columns: 94
    file size: 3693.4 KB
  wrote C:\ERS\web\ers_web_NB.csv.gz
    rows: 62,660  columns: 94
    file size: 8462.2 KB
  wrote C:\ERS\web\ers_web_NF.csv.gz
    rows: 12,844  columns: 94
    file size: 1738.2 KB
  wrote C:\ERS\web\ers_web_NS.csv.gz
    rows: 72,681  columns: 94
    file size: 10534.0 KB
  wrote C:\ERS\web\ers_web_NT.csv.gz
    rows: 278  columns: 94
    file size: 43.6 KB
  wrote C:\ERS\web\ers_web_NU.csv.gz
    rows: 4  columns: 94
    file size: 1.3 KB
  wrote C:\ERS\web\ers_web_ON.csv.gz
    rows: 672,857  columns: 94
    file size: 97087.2 KB
  wrote C:\ERS\web\ers_web_PE.csv.gz
    rows: 11,198  columns: 94
    file size: 1644.6 KB
  wrote C:\ERS\web\ers_web_QC.csv.gz
    rows: 261,281  columns: 94
    file size: 34886.8 KB
  wrote C:\ERS\web\ers_web_SK.csv.gz
    rows: 44,389  columns: 94
    file size: 6306.6 KB

=== STEP 4: cleanup ===
  done.
PYEXIT=0
