
--- AB ---
  loaded 83,098 rows
  priced: elec 0.209 $/kWh, gas 0.139 $/m³, oil 1.85 $/L, propane 1.03 $/L, wood 0.060 $/kWh
  house types: ['Apartment', 'Apartment Row', 'Attached Duplex', 'Attached Triplex', 'Detached Duplex', 'Detached Triplex', 'Double/Semi-Detached', 'Mobile Home', 'Row House, End Unit', 'Row House, Middle Unit', 'Single Detached']
    Apartment: 20 rows
    Apartment Row: 21 rows
    Attached Duplex: 108 rows
    Attached Triplex: 31 rows
    Detached Duplex: 524 rows
    Detached Triplex: 7 rows
    Double/Semi-Detached: 1,009 rows
    Mobile Home: 89 rows
    Row House, End Unit: 4,066 rows
    Row House, Middle Unit: 1,657 rows
    Single Detached: 75,566 rows
  wrote C:\ERS\web\province_json\AB.json (178.1 KB)

--- BC ---
  loaded 121,787 rows
  priced: elec 0.107 $/kWh, gas 0.407 $/m³, oil 1.78 $/L, propane 1.16 $/L, wood 0.060 $/kWh
  house types: ['Apartment', 'Apartment Row', 'Attached Duplex', 'Attached Triplex', 'Detached Duplex', 'Detached Triplex', 'Double/Semi Detached', 'Double/Semi-Detached', 'Mobile Home', 'Row House, End Unit', 'Row House, Middle Unit', 'Row, End Unit', 'Single Detached']
    Apartment: 16 rows
    Apartment Row: 4 rows
    Attached Duplex: 92 rows
    Attached Triplex: 3 rows
    Detached Duplex: 1,684 rows
    Detached Triplex: 49 rows
    Double/Semi Detached: 4 rows
    Double/Semi-Detached: 1,083 rows
    Mobile Home: 746 rows
    Row House, End Unit: 5,920 rows
    Row House, Middle Unit: 3,146 rows
    Row, End Unit: 3 rows
    Single Detached: 109,037 rows
  wrote C:\ERS\web\province_json\BC.json (271.6 KB)

--- MB ---
  loaded 26,228 rows
  priced: elec 0.091 $/kWh, gas 0.254 $/m³, oil 1.85 $/L, propane 1.54 $/L, wood 0.060 $/kWh
  house types: ['Attached Duplex', 'Detached Duplex', 'Detached Triplex', 'Double/Semi-Detached', 'Mobile Home', 'Row House, End Unit', 'Row House, Middle Unit', 'Single Detached']
    Attached Duplex: 2 rows
    Detached Duplex: 30 rows
    Detached Triplex: 6 rows
    Double/Semi-Detached: 31 rows
    Mobile Home: 16 rows
    Row House, End Unit: 1,211 rows
    Row House, Middle Unit: 463 rows
    Single Detached: 24,469 rows
  wrote C:\ERS\web\province_json\MB.json (100.4 KB)

--- NB ---
  loaded 62,660 rows
  priced: elec 0.158 $/kWh, gas 0.514 $/m³, oil 2.00 $/L, propane 0.95 $/L, wood 0.060 $/kWh
  house types: ['Apartment', 'Apartment Row', 'Attached Duplex', 'Attached Triplex', 'Detached Duplex', 'Detached Triplex', 'Double/Semi-Detached', 'Duplex (Non-MURB)', 'Mobile Home', 'Row House, End Unit', 'Row House, Middle Unit', 'Row, End Unit', 'Single Detached']
    Apartment: 325 rows
    Apartment Row: 18 rows
    Attached Duplex: 77 rows
    Attached Triplex: 32 rows
    Detached Duplex: 854 rows
    Detached Triplex: 173 rows
    Double/Semi-Detached: 1,319 rows
    Duplex (Non-MURB): 1 rows
    Mobile Home: 1,737 rows
    Row House, End Unit: 1,398 rows
    Row House, Middle Unit: 707 rows
    Row, End Unit: 1 rows
    Single Detached: 56,018 rows
  wrote C:\ERS\web\province_json\NB.json (211.4 KB)

--- NF ---
  loaded 12,844 rows
  priced: elec 0.157 $/kWh, gas 0.344 $/m³, oil 1.87 $/L, propane 1.26 $/L, wood 0.060 $/kWh
  house types: ['Attached Duplex', 'Attached Triplex', 'Detached Duplex', 'Detached Triplex', 'Double/Semi-Detached', 'Mobile Home', 'Row House, End Unit', 'Row House, Middle Unit', 'Single Detached']
    Attached Duplex: 7 rows
    Attached Triplex: 1 rows
    Detached Duplex: 235 rows
    Detached Triplex: 2 rows
    Double/Semi-Detached: 67 rows
    Mobile Home: 50 rows
    Row House, End Unit: 315 rows
    Row House, Middle Unit: 137 rows
    Single Detached: 12,030 rows
  wrote C:\ERS\web\province_json\NF.json (99.3 KB)

--- NS ---
  loaded 72,681 rows
  priced: elec 0.191 $/kWh, gas 0.703 $/m³, oil 1.85 $/L, propane 1.26 $/L, wood 0.060 $/kWh
  house types: ['Apartment', 'Apartment Row', 'Attached Duplex', 'Attached Triplex', 'Detached Duplex', 'Detached Triplex', 'Double/Semi Detached', 'Double/Semi-Detached', 'Mobile Home', 'Row House, End Unit', 'Row House, Middle Unit', 'Row, End Unit', 'Row, Middle Unit', 'Single Detached']
    Apartment: 113 rows
    Apartment Row: 10 rows
    Attached Duplex: 148 rows
    Attached Triplex: 17 rows
    Detached Duplex: 818 rows
    Detached Triplex: 146 rows
    Double/Semi Detached: 3 rows
    Double/Semi-Detached: 1,178 rows
    Mobile Home: 981 rows
    Row House, End Unit: 2,731 rows
    Row House, Middle Unit: 653 rows
    Row, End Unit: 1 rows
    Row, Middle Unit: 2 rows
    Single Detached: 65,880 rows
  wrote C:\ERS\web\province_json\NS.json (248.8 KB)

--- NT ---
  loaded 278 rows
  priced: elec 0.341 $/kWh, gas 0.344 $/m³, oil 1.85 $/L, propane 1.26 $/L, wood 0.060 $/kWh
  house types: ['Detached Duplex', 'Double/Semi-Detached', 'Mobile Home', 'Row House, End Unit', 'Row House, Middle Unit', 'Single Detached']
    Detached Duplex: 2 rows
    Double/Semi-Detached: 4 rows
    Mobile Home: 41 rows
    Row House, End Unit: 4 rows
    Row House, Middle Unit: 5 rows
    Single Detached: 222 rows
  wrote C:\ERS\web\province_json\NT.json (39.9 KB)

--- NU ---
  loaded 4 rows
  priced: elec 0.720 $/kWh, gas 0.344 $/m³, oil 1.85 $/L, propane 1.26 $/L, wood 0.060 $/kWh
  house types: ['Single Detached']
    Single Detached: 4 rows
  wrote C:\ERS\web\province_json\NU.json (6.8 KB)

--- ON ---
  loaded 672,857 rows
  priced: elec 0.175 $/kWh, gas 0.243 $/m³, oil 1.87 $/L, propane 1.22 $/L, wood 0.060 $/kWh
  house types: ['Apartment', 'Apartment Row', 'Attached Duplex', 'Attached Triplex', 'Detached Duplex', 'Detached Triplex', 'Double/Semi-Detached', 'Mobile Home', 'Row House, End Unit', 'Row House, Middle Unit', 'Single Detached', 'Triplex (Non-MURB)']
    Apartment: 458 rows
    Apartment Row: 63 rows
    Attached Duplex: 334 rows
    Attached Triplex: 101 rows
    Detached Duplex: 1,323 rows
    Detached Triplex: 319 rows
    Double/Semi-Detached: 13,007 rows
    Mobile Home: 243 rows
    Row House, End Unit: 62,198 rows
    Row House, Middle Unit: 35,752 rows
    Single Detached: 559,058 rows
    Triplex (Non-MURB): 1 rows
  wrote C:\ERS\web\province_json\ON.json (433.0 KB)

--- PE ---
  loaded 11,198 rows
  priced: elec 0.174 $/kWh, gas 0.344 $/m³, oil 1.51 $/L, propane 1.26 $/L, wood 0.060 $/kWh
  house types: ['Apartment', 'Apartment Row', 'Attached Duplex', 'Attached Triplex', 'Detached Duplex', 'Detached Triplex', 'Double/Semi-Detached', 'Mobile Home', 'Row House, End Unit', 'Row House, Middle Unit', 'Single Detached']
    Apartment: 74 rows
    Apartment Row: 3 rows
    Attached Duplex: 5 rows
    Attached Triplex: 4 rows
    Detached Duplex: 169 rows
    Detached Triplex: 29 rows
    Double/Semi-Detached: 141 rows
    Mobile Home: 289 rows
    Row House, End Unit: 187 rows
    Row House, Middle Unit: 42 rows
    Single Detached: 10,255 rows
  wrote C:\ERS\web\province_json\PE.json (126.4 KB)

--- QC ---
  loaded 261,281 rows
  priced: elec 0.071 $/kWh, gas 0.194 $/m³, oil 1.87 $/L, propane 1.25 $/L, wood 0.060 $/kWh
  house types: ['Apartment', 'Apartment Row', 'Attached Duplex', 'Attached Triplex', 'Detached Duplex', 'Detached Triplex', 'Double/Semi-Detached', 'Mobile Home', 'Row House, End Unit', 'Row House, Middle Unit', 'Single Detached']
    Apartment: 2,103 rows
    Apartment Row: 1,100 rows
    Attached Duplex: 3,838 rows
    Attached Triplex: 2,276 rows
    Detached Duplex: 8,815 rows
    Detached Triplex: 1,856 rows
    Double/Semi-Detached: 15,340 rows
    Mobile Home: 1,418 rows
    Row House, End Unit: 5,685 rows
    Row House, Middle Unit: 3,999 rows
    Single Detached: 214,851 rows
  wrote C:\ERS\web\province_json\QC.json (396.7 KB)

--- SK ---
  loaded 44,389 rows
  priced: elec 0.093 $/kWh, gas 0.298 $/m³, oil 1.85 $/L, propane 1.28 $/L, wood 0.060 $/kWh
  house types: ['Apartment', 'Apartment Row', 'Attached Duplex', 'Attached Triplex', 'Detached Duplex', 'Detached Triplex', 'Double/Semi-Detached', 'Duplex (Non-MURB)', 'Mobile Home', 'Row House, End Unit', 'Row House, Middle Unit', 'Single Detached']
    Apartment: 20 rows
    Apartment Row: 1 rows
    Attached Duplex: 45 rows
    Attached Triplex: 3 rows
    Detached Duplex: 27 rows
    Detached Triplex: 1 rows
    Double/Semi-Detached: 34 rows
    Duplex (Non-MURB): 1 rows
    Mobile Home: 255 rows
    Row House, End Unit: 1,118 rows
    Row House, Middle Unit: 393 rows
    Single Detached: 42,491 rows
  wrote C:\ERS\web\province_json\SK.json (103.5 KB)

done. 12 province JSON files written to C:\ERS\web\province_json
PYEXIT=0
