
--- AB ---
  loaded 83,098 rows
  wrote 155 FSA files (45459 KB total) + _index.json (155 FSAs)

--- BC ---
  loaded 121,787 rows
  wrote 192 FSA files (66846 KB total) + _index.json (192 FSAs)

--- MB ---
  loaded 26,228 rows
  wrote 74 FSA files (14355 KB total) + _index.json (74 FSAs)

--- NB ---
  loaded 62,660 rows
  wrote 115 FSA files (34455 KB total) + _index.json (115 FSAs)

--- NF ---
  loaded 12,844 rows
  wrote 34 FSA files (7057 KB total) + _index.json (34 FSAs)

--- NS ---
  loaded 72,681 rows
  wrote 88 FSA files (40131 KB total) + _index.json (88 FSAs)

--- NT ---
  loaded 278 rows
  wrote 2 FSA files (155 KB total) + _index.json (2 FSAs)

--- NU ---
  loaded 4 rows
  wrote 1 FSA files (4 KB total) + _index.json (1 FSAs)

--- ON ---
  loaded 672,857 rows
  wrote 553 FSA files (365413 KB total) + _index.json (553 FSAs)

--- PE ---
  loaded 11,198 rows
  wrote 8 FSA files (6137 KB total) + _index.json (8 FSAs)

--- QC ---
  loaded 261,281 rows
  wrote 412 FSA files (142747 KB total) + _index.json (412 FSAs)

--- SK ---
  loaded 44,389 rows
  wrote 50 FSA files (24496 KB total) + _index.json (50 FSAs)

done. FSA JSON files written under C:\ERS\web\fsa_json
PYEXIT=0
